FFFFFFFFF                                                                [100%]
=================================== FAILURES ===================================
____________ test_delta_forum_3node_nccl_image_and_first_request_01 ____________
tests/test_debt_registration_controls.py:1208: in test_delta_forum_3node_nccl_image_and_first_request_01
    assert result["status"] == "pass", f"DELTA-FORUM-3NODE-NCCL-IMAGE-AND-FIRST-REQUEST-01: status={result['status']} could_not_run={result.get('could_not_run')} reason={result['reason']} files={result.get('files')}"
E   AssertionError: DELTA-FORUM-3NODE-NCCL-IMAGE-AND-FIRST-REQUEST-01: status=unknown could_not_run=1 reason=raw capture unavailable: [Errno 2] No such file or directory: '/tmp/bb-controls-runtime/tasks/evidence/DELTA-FORUM-3NODE-NCCL-IMAGE-AND-FIRST-REQUEST-01/runtime-capture.json' files=['/tmp/bb-controls-runtime/tasks/evidence/DELTA-FORUM-3NODE-NCCL-IMAGE-AND-FIRST-REQUEST-01/runtime-capture.json']
E   assert 'unknown' == 'pass'
E     
E     - pass
E     + unknown
_________________ test_delta_forum_8node_nccl_interface_mtu_01 _________________
tests/test_debt_registration_controls.py:1212: in test_delta_forum_8node_nccl_interface_mtu_01
    assert result["status"] == "pass", f"DELTA-FORUM-8NODE-NCCL-INTERFACE-MTU-01: status={result['status']} could_not_run={result.get('could_not_run')} reason={result['reason']} files={result.get('files')}"
E   AssertionError: DELTA-FORUM-8NODE-NCCL-INTERFACE-MTU-01: status=unknown could_not_run=1 reason=raw capture unavailable: [Errno 2] No such file or directory: '/tmp/bb-controls-runtime/tasks/evidence/DELTA-FORUM-8NODE-NCCL-INTERFACE-MTU-01/runtime-capture.json' files=['/tmp/bb-controls-runtime/tasks/evidence/DELTA-FORUM-8NODE-NCCL-INTERFACE-MTU-01/runtime-capture.json']
E   assert 'unknown' == 'pass'
E     
E     - pass
E     + unknown
_________ test_delta_forum_cross_turn_sleeper_injection_regression_01 __________
tests/test_debt_registration_controls.py:1216: in test_delta_forum_cross_turn_sleeper_injection_regression_01
    assert result["status"] == "pass", f"DELTA-FORUM-CROSS-TURN-SLEEPER-INJECTION-REGRESSION-01: status={result['status']} could_not_run={result.get('could_not_run')} reason={result['reason']} files={result.get('files')}"
E   AssertionError: DELTA-FORUM-CROSS-TURN-SLEEPER-INJECTION-REGRESSION-01: status=unknown could_not_run=1 reason=raw capture unavailable: [Errno 2] No such file or directory: '/tmp/bb-controls-runtime/tasks/evidence/DELTA-FORUM-CROSS-TURN-SLEEPER-INJECTION-REGRESSION-01/runtime-capture.json' files=['/tmp/bb-controls-runtime/tasks/evidence/DELTA-FORUM-CROSS-TURN-SLEEPER-INJECTION-REGRESSION-01/runtime-capture.json']
E   assert 'unknown' == 'pass'
E     
E     - pass
E     + unknown
________ test_delta_forum_dcp_mtp_draft_correctness_and_pretrim_oom_01 _________
tests/test_debt_registration_controls.py:1220: in test_delta_forum_dcp_mtp_draft_correctness_and_pretrim_oom_01
    assert result["status"] == "pass", f"DELTA-FORUM-DCP-MTP-DRAFT-CORRECTNESS-AND-PRETRIM-OOM-01: status={result['status']} could_not_run={result.get('could_not_run')} reason={result['reason']} files={result.get('files')}"
E   AssertionError: DELTA-FORUM-DCP-MTP-DRAFT-CORRECTNESS-AND-PRETRIM-OOM-01: status=unknown could_not_run=1 reason=raw capture unavailable: [Errno 2] No such file or directory: '/tmp/bb-controls-runtime/tasks/evidence/DELTA-FORUM-DCP-MTP-DRAFT-CORRECTNESS-AND-PRETRIM-OOM-01/runtime-capture.json' files=['/tmp/bb-controls-runtime/tasks/evidence/DELTA-FORUM-DCP-MTP-DRAFT-CORRECTNESS-AND-PRETRIM-OOM-01/runtime-capture.json']
E   assert 'unknown' == 'pass'
E     
E     - pass
E     + unknown
__________ test_delta_forum_dcp4_decode_starvation_fair_scheduler_01 ___________
tests/test_debt_registration_controls.py:1224: in test_delta_forum_dcp4_decode_starvation_fair_scheduler_01
    assert result["status"] == "pass", f"DELTA-FORUM-DCP4-DECODE-STARVATION-FAIR-SCHEDULER-01: status={result['status']} could_not_run={result.get('could_not_run')} reason={result['reason']} files={result.get('files')}"
E   AssertionError: DELTA-FORUM-DCP4-DECODE-STARVATION-FAIR-SCHEDULER-01: status=unknown could_not_run=1 reason=raw capture unavailable: [Errno 2] No such file or directory: '/tmp/bb-controls-runtime/tasks/evidence/DELTA-FORUM-DCP4-DECODE-STARVATION-FAIR-SCHEDULER-01/runtime-capture.json' files=['/tmp/bb-controls-runtime/tasks/evidence/DELTA-FORUM-DCP4-DECODE-STARVATION-FAIR-SCHEDULER-01/runtime-capture.json']
E   assert 'unknown' == 'pass'
E     
E     - pass
E     + unknown
_______ test_delta_forum_dflash_xgrammar_structured_output_regression_01 _______
tests/test_debt_registration_controls.py:1228: in test_delta_forum_dflash_xgrammar_structured_output_regression_01
    assert result["status"] == "pass", f"DELTA-FORUM-DFLASH-XGRAMMAR-STRUCTURED-OUTPUT-REGRESSION-01: status={result['status']} could_not_run={result.get('could_not_run')} reason={result['reason']} files={result.get('files')}"
E   AssertionError: DELTA-FORUM-DFLASH-XGRAMMAR-STRUCTURED-OUTPUT-REGRESSION-01: status=unknown could_not_run=1 reason=raw capture unavailable: [Errno 2] No such file or directory: '/tmp/bb-controls-runtime/tasks/evidence/DELTA-FORUM-DFLASH-XGRAMMAR-STRUCTURED-OUTPUT-REGRESSION-01/runtime-capture.json' files=['/tmp/bb-controls-runtime/tasks/evidence/DELTA-FORUM-DFLASH-XGRAMMAR-STRUCTURED-OUTPUT-REGRESSION-01/runtime-capture.json']
E   assert 'unknown' == 'pass'
E     
E     - pass
E     + unknown
__________________ test_delta_forum_dsv41_nfs_stop_tag_pin_01 __________________
tests/test_debt_registration_controls.py:1232: in test_delta_forum_dsv41_nfs_stop_tag_pin_01
    assert result["status"] == "pass", f"DELTA-FORUM-DSV41-NFS-STOP-TAG-PIN-01: status={result['status']} could_not_run={result.get('could_not_run')} reason={result['reason']} files={result.get('files')}"
E   AssertionError: DELTA-FORUM-DSV41-NFS-STOP-TAG-PIN-01: status=unknown could_not_run=1 reason=raw capture unavailable: [Errno 2] No such file or directory: '/tmp/bb-controls-runtime/tasks/evidence/DELTA-FORUM-DSV41-NFS-STOP-TAG-PIN-01/runtime-capture.json' files=['/tmp/bb-controls-runtime/tasks/evidence/DELTA-FORUM-DSV41-NFS-STOP-TAG-PIN-01/runtime-capture.json']
E   assert 'unknown' == 'pass'
E     
E     - pass
E     + unknown
________ test_delta_forum_dualspark_nccl_gid_twin_and_cold_recovery_01 _________
tests/test_debt_registration_controls.py:1236: in test_delta_forum_dualspark_nccl_gid_twin_and_cold_recovery_01
    assert result["status"] == "pass", f"DELTA-FORUM-DUALSPARK-NCCL-GID-TWIN-AND-COLD-RECOVERY-01: status={result['status']} could_not_run={result.get('could_not_run')} reason={result['reason']} files={result.get('files')}"
E   AssertionError: DELTA-FORUM-DUALSPARK-NCCL-GID-TWIN-AND-COLD-RECOVERY-01: status=unknown could_not_run=1 reason=raw capture unavailable: [Errno 2] No such file or directory: '/tmp/bb-controls-runtime/tasks/evidence/DELTA-FORUM-DUALSPARK-NCCL-GID-TWIN-AND-COLD-RECOVERY-01/runtime-capture.json' files=['/tmp/bb-controls-runtime/tasks/evidence/DELTA-FORUM-DUALSPARK-NCCL-GID-TWIN-AND-COLD-RECOVERY-01/runtime-capture.json']
E   assert 'unknown' == 'pass'
E     
E     - pass
E     + unknown
____ test_delta_forum_glm52_multiturn_correctness_and_recipe_sensitivity_01 ____
tests/test_debt_registration_controls.py:1240: in test_delta_forum_glm52_multiturn_correctness_and_recipe_sensitivity_01
    assert result["status"] == "pass", f"DELTA-FORUM-GLM52-MULTITURN-CORRECTNESS-AND-RECIPE-SENSITIVITY-01: status={result['status']} could_not_run={result.get('could_not_run')} reason={result['reason']} files={result.get('files')}"
E   AssertionError: DELTA-FORUM-GLM52-MULTITURN-CORRECTNESS-AND-RECIPE-SENSITIVITY-01: status=unknown could_not_run=1 reason=raw capture unavailable: [Errno 2] No such file or directory: '/tmp/bb-controls-runtime/tasks/evidence/DELTA-FORUM-GLM52-MULTITURN-CORRECTNESS-AND-RECIPE-SENSITIVITY-01/runtime-capture.json' files=['/tmp/bb-controls-runtime/tasks/evidence/DELTA-FORUM-GLM52-MULTITURN-CORRECTNESS-AND-RECIPE-SENSITIVITY-01/runtime-capture.json']
E   assert 'unknown' == 'pass'
E     
E     - pass
E     + unknown
=========================== short test summary info ============================
FAILED tests/test_debt_registration_controls.py::test_delta_forum_3node_nccl_image_and_first_request_01
FAILED tests/test_debt_registration_controls.py::test_delta_forum_8node_nccl_interface_mtu_01
FAILED tests/test_debt_registration_controls.py::test_delta_forum_cross_turn_sleeper_injection_regression_01
FAILED tests/test_debt_registration_controls.py::test_delta_forum_dcp_mtp_draft_correctness_and_pretrim_oom_01
FAILED tests/test_debt_registration_controls.py::test_delta_forum_dcp4_decode_starvation_fair_scheduler_01
FAILED tests/test_debt_registration_controls.py::test_delta_forum_dflash_xgrammar_structured_output_regression_01
FAILED tests/test_debt_registration_controls.py::test_delta_forum_dsv41_nfs_stop_tag_pin_01
FAILED tests/test_debt_registration_controls.py::test_delta_forum_dualspark_nccl_gid_twin_and_cold_recovery_01
FAILED tests/test_debt_registration_controls.py::test_delta_forum_glm52_multiturn_correctness_and_recipe_sensitivity_01
9 failed in 0.21s
exit_code=1
