/home/lcasarin/projects/blackbox/tests/test_hardware_batch02_controls.py
  /home/lcasarin/projects/blackbox/tests/test_hardware_batch02_controls.py:112:12 - error: Object of type "None" is not subscriptable (reportOptionalSubscript)
  /home/lcasarin/projects/blackbox/tests/test_hardware_batch02_controls.py:159:12 - error: Object of type "None" is not subscriptable (reportOptionalSubscript)
  /home/lcasarin/projects/blackbox/tests/test_hardware_batch02_controls.py:161:12 - error: Object of type "None" is not subscriptable (reportOptionalSubscript)
  /home/lcasarin/projects/blackbox/tests/test_hardware_batch02_controls.py:162:12 - error: Object of type "None" is not subscriptable (reportOptionalSubscript)
  /home/lcasarin/projects/blackbox/tests/test_hardware_batch02_controls.py:163:12 - error: Object of type "None" is not subscriptable (reportOptionalSubscript)
  /home/lcasarin/projects/blackbox/tests/test_hardware_batch02_controls.py:164:12 - error: Object of type "None" is not subscriptable (reportOptionalSubscript)
  /home/lcasarin/projects/blackbox/tests/test_hardware_batch02_controls.py:165:12 - error: Object of type "None" is not subscriptable (reportOptionalSubscript)
  /home/lcasarin/projects/blackbox/tests/test_hardware_batch02_controls.py:169:12 - error: Object of type "None" is not subscriptable (reportOptionalSubscript)
  /home/lcasarin/projects/blackbox/tests/test_hardware_batch02_controls.py:172:12 - error: Object of type "None" is not subscriptable (reportOptionalSubscript)
  /home/lcasarin/projects/blackbox/tests/test_hardware_batch02_controls.py:194:65 - error: "__getitem__" method not defined on type "object" (reportIndexIssue)
  /home/lcasarin/projects/blackbox/tests/test_hardware_batch02_controls.py:194:97 - error: "__getitem__" method not defined on type "object" (reportIndexIssue)
  /home/lcasarin/projects/blackbox/tests/test_hardware_batch02_controls.py:585:12 - error: Object of type "None" is not subscriptable (reportOptionalSubscript)
  /home/lcasarin/projects/blackbox/tests/test_hardware_batch02_controls.py:586:12 - error: Object of type "None" is not subscriptable (reportOptionalSubscript)
  /home/lcasarin/projects/blackbox/tests/test_hardware_batch02_controls.py:599:12 - error: Object of type "None" is not subscriptable (reportOptionalSubscript)
  /home/lcasarin/projects/blackbox/tests/test_hardware_batch02_controls.py:600:12 - error: Object of type "None" is not subscriptable (reportOptionalSubscript)
  /home/lcasarin/projects/blackbox/tests/test_hardware_batch02_controls.py:601:12 - error: Object of type "None" is not subscriptable (reportOptionalSubscript)
  /home/lcasarin/projects/blackbox/tests/test_hardware_batch02_controls.py:963:33 - error: "__getitem__" method not defined on type "object" (reportIndexIssue)
  /home/lcasarin/projects/blackbox/tests/test_hardware_batch02_controls.py:965:39 - error: "__getitem__" method not defined on type "object" (reportIndexIssue)
  /home/lcasarin/projects/blackbox/tests/test_hardware_batch02_controls.py:1060:58 - error: "__getitem__" method not defined on type "object" (reportIndexIssue)
  /home/lcasarin/projects/blackbox/tests/test_hardware_batch02_controls.py:1065:43 - error: "__getitem__" method not defined on type "object" (reportIndexIssue)
  /home/lcasarin/projects/blackbox/tests/test_hardware_batch02_controls.py:1369:12 - error: Object of type "None" is not subscriptable (reportOptionalSubscript)
  /home/lcasarin/projects/blackbox/tests/test_hardware_batch02_controls.py:1370:12 - error: Object of type "None" is not subscriptable (reportOptionalSubscript)
  /home/lcasarin/projects/blackbox/tests/test_hardware_batch02_controls.py:1380:12 - error: Object of type "None" is not subscriptable (reportOptionalSubscript)
  /home/lcasarin/projects/blackbox/tests/test_hardware_batch02_controls.py:1467:12 - error: Object of type "None" is not subscriptable (reportOptionalSubscript)
  /home/lcasarin/projects/blackbox/tests/test_hardware_batch02_controls.py:1471:12 - error: Object of type "None" is not subscriptable (reportOptionalSubscript)
  /home/lcasarin/projects/blackbox/tests/test_hardware_batch02_controls.py:1474:12 - error: Object of type "None" is not subscriptable (reportOptionalSubscript)
  /home/lcasarin/projects/blackbox/tests/test_hardware_batch02_controls.py:1476:12 - error: Object of type "None" is not subscriptable (reportOptionalSubscript)
  /home/lcasarin/projects/blackbox/tests/test_hardware_batch02_controls.py:1477:12 - error: Object of type "None" is not subscriptable (reportOptionalSubscript)
  /home/lcasarin/projects/blackbox/tests/test_hardware_batch02_controls.py:1481:12 - error: Object of type "None" is not subscriptable (reportOptionalSubscript)
  /home/lcasarin/projects/blackbox/tests/test_hardware_batch02_controls.py:1484:12 - error: Object of type "None" is not subscriptable (reportOptionalSubscript)
  /home/lcasarin/projects/blackbox/tests/test_hardware_batch02_controls.py:1486:12 - error: Object of type "None" is not subscriptable (reportOptionalSubscript)
  /home/lcasarin/projects/blackbox/tests/test_hardware_batch02_controls.py:1670:35 - error: "__getitem__" method not defined on type "object" (reportIndexIssue)
  /home/lcasarin/projects/blackbox/tests/test_hardware_batch02_controls.py:1673:5 - error: "__setitem__" method not defined on type "object" (reportIndexIssue)
  /home/lcasarin/projects/blackbox/tests/test_hardware_batch02_controls.py:1678:5 - error: "__setitem__" method not defined on type "object" (reportIndexIssue)
  /home/lcasarin/projects/blackbox/tests/test_hardware_batch02_controls.py:1683:5 - error: Operator "+=" not supported for types "object" and "Literal['# altered index\n']"
    Operator "+" not supported for types "object" and "Literal['# altered index\n']" (reportOperatorIssue)
  /home/lcasarin/projects/blackbox/tests/test_hardware_batch02_controls.py:1687:43 - error: "__getitem__" method not defined on type "object" (reportIndexIssue)
  /home/lcasarin/projects/blackbox/tests/test_hardware_batch02_controls.py:1688:43 - error: Cannot access attribute "replace" for class "object"
    Attribute "replace" is unknown (reportAttributeAccessIssue)
  /home/lcasarin/projects/blackbox/tests/test_hardware_batch02_controls.py:1704:88 - error: "__getitem__" method not defined on type "object" (reportIndexIssue)
  /home/lcasarin/projects/blackbox/tests/test_hardware_batch02_controls.py:1710:56 - error: "__getitem__" method not defined on type "object" (reportIndexIssue)
  /home/lcasarin/projects/blackbox/tests/test_hardware_batch02_controls.py:1746:39 - error: "__getitem__" method not defined on type "object" (reportIndexIssue)
  /home/lcasarin/projects/blackbox/tests/test_hardware_batch02_controls.py:1748:34 - error: Cannot access attribute "replace" for class "object"
    Attribute "replace" is unknown (reportAttributeAccessIssue)
  /home/lcasarin/projects/blackbox/tests/test_hardware_batch02_controls.py:1751:42 - error: "__getitem__" method not defined on type "object" (reportIndexIssue)
  /home/lcasarin/projects/blackbox/tests/test_hardware_batch02_controls.py:1754:46 - error: Operator "in" not supported for types "Literal['firmware version']" and "object" (reportOperatorIssue)
  /home/lcasarin/projects/blackbox/tests/test_hardware_batch02_controls.py:1801:80 - error: "__getitem__" method not defined on type "object" (reportIndexIssue)
  /home/lcasarin/projects/blackbox/tests/test_hardware_batch02_controls.py:1801:107 - error: "__getitem__" method not defined on type "object" (reportIndexIssue)
  /home/lcasarin/projects/blackbox/tests/test_hardware_batch02_controls.py:1808:72 - error: "__getitem__" method not defined on type "object" (reportIndexIssue)
  /home/lcasarin/projects/blackbox/tests/test_hardware_batch02_controls.py:1808:99 - error: "__getitem__" method not defined on type "object" (reportIndexIssue)
  /home/lcasarin/projects/blackbox/tests/test_hardware_batch02_controls.py:1813:78 - error: "__getitem__" method not defined on type "object" (reportIndexIssue)
  /home/lcasarin/projects/blackbox/tests/test_hardware_batch02_controls.py:1813:105 - error: "__getitem__" method not defined on type "object" (reportIndexIssue)
  /home/lcasarin/projects/blackbox/tests/test_hardware_batch02_controls.py:1814:5 - error: "__setitem__" method not defined on type "object" (reportIndexIssue)
  /home/lcasarin/projects/blackbox/tests/test_hardware_batch02_controls.py:1890:36 - error: "object" is not iterable
    "__iter__" method not defined (reportGeneralTypeIssues)
  /home/lcasarin/projects/blackbox/tests/test_hardware_batch02_controls.py:1903:14 - error: "__getitem__" method not defined on type "object" (reportIndexIssue)
  /home/lcasarin/projects/blackbox/tests/test_hardware_batch02_controls.py:1914:52 - error: Expected mapping for dictionary unpack operator (reportGeneralTypeIssues)
  /home/lcasarin/projects/blackbox/tests/test_hardware_batch02_controls.py:1941:22 - error: Argument of type "tuple[list[tuple[dict[str, object], datetime, dict[str, object]]], Literal['multihour'], Literal['unknown']]" cannot be assigned to parameter "object" of type "tuple[list[tuple[dict[str, object], object, dict[str, object]]], str, str]" in function "append"
    "list[tuple[dict[str, object], datetime, dict[str, object]]]" is not assignable to "list[tuple[dict[str, object], object, dict[str, object]]]"
      Type parameter "_T@list" is invariant, but "tuple[dict[str, object], datetime, dict[str, object]]" is not the same as "tuple[dict[str, object], object, dict[str, object]]"
      Consider switching from "list" to "Sequence" which is covariant (reportArgumentType)
  /home/lcasarin/projects/blackbox/tests/test_hardware_batch02_controls.py:1944:22 - error: Argument of type "tuple[list[tuple[dict[str, object], datetime, dict[str, object]]], Literal['identity changed'], Literal['fail']]" cannot be assigned to parameter "object" of type "tuple[list[tuple[dict[str, object], object, dict[str, object]]], str, str]" in function "append"
    "list[tuple[dict[str, object], datetime, dict[str, object]]]" is not assignable to "list[tuple[dict[str, object], object, dict[str, object]]]"
      Type parameter "_T@list" is invariant, but "tuple[dict[str, object], datetime, dict[str, object]]" is not the same as "tuple[dict[str, object], object, dict[str, object]]"
      Consider switching from "list" to "Sequence" which is covariant (reportArgumentType)
  /home/lcasarin/projects/blackbox/tests/test_hardware_batch02_controls.py:1947:22 - error: Argument of type "tuple[list[tuple[dict[str, object], datetime, dict[str, object]]], Literal['start times changed'], Literal['fail']]" cannot be assigned to parameter "object" of type "tuple[list[tuple[dict[str, object], object, dict[str, object]]], str, str]" in function "append"
    "list[tuple[dict[str, object], datetime, dict[str, object]]]" is not assignable to "list[tuple[dict[str, object], object, dict[str, object]]]"
      Type parameter "_T@list" is invariant, but "tuple[dict[str, object], datetime, dict[str, object]]" is not the same as "tuple[dict[str, object], object, dict[str, object]]"
      Consider switching from "list" to "Sequence" which is covariant (reportArgumentType)
  /home/lcasarin/projects/blackbox/tests/test_hardware_batch02_controls.py:1949:22 - error: Argument of type "tuple[list[tuple[dict[str, object], datetime, dict[str, object]]], Literal['termination observations missing'], Literal['unknown']]" cannot be assigned to parameter "object" of type "tuple[list[tuple[dict[str, object], object, dict[str, object]]], str, str]" in function "append"
    "list[tuple[dict[str, object], datetime, dict[str, object]]]" is not assignable to "list[tuple[dict[str, object], object, dict[str, object]]]"
      Type parameter "_T@list" is invariant, but "tuple[dict[str, object], datetime, dict[str, object]]" is not the same as "tuple[dict[str, object], object, dict[str, object]]"
      Consider switching from "list" to "Sequence" which is covariant (reportArgumentType)
  /home/lcasarin/projects/blackbox/tests/test_hardware_batch02_controls.py:1954:22 - error: Argument of type "tuple[list[tuple[dict[str, object], datetime, dict[str, object]]], Literal['terminated before the client'], Literal['fail']]" cannot be assigned to parameter "object" of type "tuple[list[tuple[dict[str, object], object, dict[str, object]]], str, str]" in function "append"
    "list[tuple[dict[str, object], datetime, dict[str, object]]]" is not assignable to "list[tuple[dict[str, object], object, dict[str, object]]]"
      Type parameter "_T@list" is invariant, but "tuple[dict[str, object], datetime, dict[str, object]]" is not the same as "tuple[dict[str, object], object, dict[str, object]]"
      Consider switching from "list" to "Sequence" which is covariant (reportArgumentType)
  /home/lcasarin/projects/blackbox/tests/test_hardware_batch02_controls.py:1957:22 - error: Argument of type "tuple[list[tuple[dict[str, object], datetime, dict[str, object]]], Literal['while the identified RPC server remained alive'], Literal['fail']]" cannot be assigned to parameter "object" of type "tuple[list[tuple[dict[str, object], object, dict[str, object]]], str, str]" in function "append"
    "list[tuple[dict[str, object], datetime, dict[str, object]]]" is not assignable to "list[tuple[dict[str, object], object, dict[str, object]]]"
      Type parameter "_T@list" is invariant, but "tuple[dict[str, object], datetime, dict[str, object]]" is not the same as "tuple[dict[str, object], object, dict[str, object]]"
      Consider switching from "list" to "Sequence" which is covariant (reportArgumentType)
  /home/lcasarin/projects/blackbox/tests/test_hardware_batch02_controls.py:1960:22 - error: Argument of type "tuple[list[tuple[dict[str, object], datetime, dict[str, object]]], Literal['termination was not observed'], Literal['fail']]" cannot be assigned to parameter "object" of type "tuple[list[tuple[dict[str, object], object, dict[str, object]]], str, str]" in function "append"
    "list[tuple[dict[str, object], datetime, dict[str, object]]]" is not assignable to "list[tuple[dict[str, object], object, dict[str, object]]]"
      Type parameter "_T@list" is invariant, but "tuple[dict[str, object], datetime, dict[str, object]]" is not the same as "tuple[dict[str, object], object, dict[str, object]]"
      Consider switching from "list" to "Sequence" which is covariant (reportArgumentType)
  /home/lcasarin/projects/blackbox/tests/test_hardware_batch02_controls.py:1963:22 - error: Argument of type "tuple[list[tuple[dict[str, object], datetime, dict[str, object]]], Literal['did not increase'], Literal['fail']]" cannot be assigned to parameter "object" of type "tuple[list[tuple[dict[str, object], object, dict[str, object]]], str, str]" in function "append"
    "list[tuple[dict[str, object], datetime, dict[str, object]]]" is not assignable to "list[tuple[dict[str, object], object, dict[str, object]]]"
      Type parameter "_T@list" is invariant, but "tuple[dict[str, object], datetime, dict[str, object]]" is not the same as "tuple[dict[str, object], object, dict[str, object]]"
      Consider switching from "list" to "Sequence" which is covariant (reportArgumentType)
  /home/lcasarin/projects/blackbox/tests/test_hardware_batch02_controls.py:1967:22 - error: Argument of type "tuple[list[tuple[dict[str, object], datetime, dict[str, object]]], Literal['healthy RPC-server control series missing'], Literal['unknown']]" cannot be assigned to parameter "object" of type "tuple[list[tuple[dict[str, object], object, dict[str, object]]], str, str]" in function "append"
    "list[tuple[dict[str, object], datetime, dict[str, object]]]" is not assignable to "list[tuple[dict[str, object], object, dict[str, object]]]"
      Type parameter "_T@list" is invariant, but "tuple[dict[str, object], datetime, dict[str, object]]" is not the same as "tuple[dict[str, object], object, dict[str, object]]"
      Consider switching from "list" to "Sequence" which is covariant (reportArgumentType)
  /home/lcasarin/projects/blackbox/tests/test_hardware_batch02_controls.py:1970:49 - error: Argument of type "list[tuple[dict[str, object], object, dict[str, object]]]" cannot be assigned to parameter "samples" of type "list[tuple[dict[str, Any], datetime, dict[str, Any]]]" in function "_memory_recovery_gate"
    "list[tuple[dict[str, object], object, dict[str, object]]]" is not assignable to "list[tuple[dict[str, Any], datetime, dict[str, Any]]]"
      Type parameter "_T@list" is invariant, but "tuple[dict[str, object], object, dict[str, object]]" is not the same as "tuple[dict[str, Any], datetime, dict[str, Any]]"
      Consider switching from "list" to "Sequence" which is covariant (reportArgumentType)
  /home/lcasarin/projects/blackbox/tests/test_hardware_batch02_controls.py:2007:14 - error: "__getitem__" method not defined on type "object" (reportIndexIssue)
  /home/lcasarin/projects/blackbox/tests/test_hardware_batch02_controls.py:2024:36 - error: "object" is not iterable
    "__iter__" method not defined (reportGeneralTypeIssues)
  /home/lcasarin/projects/blackbox/tests/test_hardware_batch02_controls.py:2117:31 - error: "object" is not iterable
    "__iter__" method not defined (reportGeneralTypeIssues)
  /home/lcasarin/projects/blackbox/tests/test_hardware_batch02_controls.py:2226:32 - error: "object" is not iterable
    "__iter__" method not defined (reportGeneralTypeIssues)
  /home/lcasarin/projects/blackbox/tests/test_hardware_batch02_controls.py:2690:12 - error: Object of type "None" is not subscriptable (reportOptionalSubscript)
68 errors, 0 warnings, 0 informations
