[zero-debt] mode: zero  lane: repo-wide
[zero-debt] files scanned: 138  findings: 9  files with findings: 9
[zero-debt] HALLAZGOS: 9
[zero-debt] DETECTORES: {"test_without_assert":1,"unencoded_file_io":8}
[zero-debt] .py left OUTSIDE this scan: 3 (git-ignored (.gitignore); not part of the product)
[zero-debt] dispositions (Acta 83): PASSED=129 CONVICTED=9 EXEMPT_CORPUS=0 EXEMPT_FIXTURE=0 EXEMPT_VENDORED=0 COULD_NOT_RUN=0
[zero-debt] detectors judged (GATE_DETECTORS): 24
[zero-debt] detectors excluded by volume: 0 ()
[zero-debt] could_not_run: 0
[zero-debt] corpus declarado (no juzgado): 0
[zero-debt] violations: 9
  - tests/test_apt_sources.py (1 findings: unencoded_file_io, unencoded_file_io)
  - tests/test_closure_kernel.py (1 findings: unencoded_file_io, unencoded_file_io, unencoded_file_io, unencoded_file_io)
  - tests/test_debt_registration_controls.py (1 findings: test_without_assert, test_without_assert, test_without_assert, test_without_assert, test_without_assert, test_without_assert, test_without_assert, test_without_assert, test_without_assert, test_without_assert, test_without_assert, test_without_assert, test_without_assert, test_without_assert, test_without_assert, test_without_assert, test_without_assert, test_without_assert, test_without_assert, test_without_assert, test_without_assert, test_without_assert, test_without_assert, test_without_assert, test_without_assert, test_without_assert, test_without_assert, test_without_assert, test_without_assert, test_without_assert, test_without_assert, test_without_assert, test_without_assert, test_without_assert, test_without_assert, test_without_assert, test_without_assert, test_without_assert, test_without_assert, test_without_assert, test_without_assert, test_without_assert, test_without_assert, test_without_assert, test_without_assert, test_without_assert, test_without_assert, test_without_assert, test_without_assert, test_without_assert, test_without_assert, test_without_assert, test_without_assert, test_without_assert, test_without_assert, test_without_assert, test_without_assert, test_without_assert, test_without_assert, test_without_assert, test_without_assert, test_without_assert, test_without_assert, test_without_assert)
  - tests/test_hardware_batch02_controls.py (1 findings: unencoded_file_io, unencoded_file_io)
  - tests/test_hardware_batch03_controls.py (1 findings: unencoded_file_io, unencoded_file_io, unencoded_file_io, unencoded_file_io, unencoded_file_io, unencoded_file_io, unencoded_file_io, unencoded_file_io, unencoded_file_io, unencoded_file_io, unencoded_file_io, unencoded_file_io, unencoded_file_io, unencoded_file_io, unencoded_file_io, unencoded_file_io, unencoded_file_io, unencoded_file_io, unencoded_file_io, unencoded_file_io, unencoded_file_io, unencoded_file_io, unencoded_file_io, unencoded_file_io, unencoded_file_io, unencoded_file_io, unencoded_file_io, unencoded_file_io, unencoded_file_io, unencoded_file_io, unencoded_file_io, unencoded_file_io, unencoded_file_io, unencoded_file_io, unencoded_file_io, unencoded_file_io, unencoded_file_io, unencoded_file_io, unencoded_file_io, unencoded_file_io, unencoded_file_io)
  - tests/test_hardware_batch_routes.py (1 findings: unencoded_file_io)
  - tests/test_memory_saver_readers.py (1 findings: unencoded_file_io, unencoded_file_io)
  - tests/test_nvme_readonly.py (1 findings: unencoded_file_io)
  - tests/test_verify_apt_sources_closure.py (1 findings: unencoded_file_io, unencoded_file_io, unencoded_file_io, unencoded_file_io, unencoded_file_io, unencoded_file_io, unencoded_file_io, unencoded_file_io, unencoded_file_io, unencoded_file_io, unencoded_file_io, unencoded_file_io, unencoded_file_io, unencoded_file_io, unencoded_file_io, unencoded_file_io, unencoded_file_io, unencoded_file_io, unencoded_file_io, unencoded_file_io, unencoded_file_io, unencoded_file_io, unencoded_file_io, unencoded_file_io, unencoded_file_io, unencoded_file_io)
[zero-debt] findings (JSONL): 143
  {"detector_id": "unencoded_file_io", "file_path": "tests/test_apt_sources.py", "line": 456, "message": "tests/test_apt_sources.py:456: unencoded_file_io: .read_text(...) with no explicit encoding=", "severity": "FAIL", "would_block": true}
  {"detector_id": "unencoded_file_io", "file_path": "tests/test_apt_sources.py", "line": 563, "message": "tests/test_apt_sources.py:563: unencoded_file_io: .read_text(...) with no explicit encoding=", "severity": "FAIL", "would_block": true}
  {"detector_id": "test_without_assert", "file_path": "tests/test_debt_registration_controls.py", "line": 37, "message": "tests/test_debt_registration_controls.py:37: test_without_assert: test_debt_close_check_verify_cgroup_plan_01() has no assert/with/assert-call/fail oracle", "severity": "FAIL", "would_block": true}
  {"detector_id": "test_without_assert", "file_path": "tests/test_debt_registration_controls.py", "line": 41, "message": "tests/test_debt_registration_controls.py:41: test_without_assert: test_debt_close_check_verify_netconsole_01() has no assert/with/assert-call/fail oracle", "severity": "FAIL", "would_block": true}
  {"detector_id": "test_without_assert", "file_path": "tests/test_debt_registration_controls.py", "line": 45, "message": "tests/test_debt_registration_controls.py:45: test_without_assert: test_debt_close_check_verify_rcu_panic_pstore_01() has no assert/with/assert-call/fail oracle", "severity": "FAIL", "would_block": true}
  {"detector_id": "test_without_assert", "file_path": "tests/test_debt_registration_controls.py", "line": 1228, "message": "tests/test_debt_registration_controls.py:1228: test_without_assert: test_delta_forum_thermal_auxiliary_cooling_and_clock_cap_01() has no assert/with/assert-call/fail oracle", "severity": "FAIL", "would_block": true}
  {"detector_id": "test_without_assert", "file_path": "tests/test_debt_registration_controls.py", "line": 1232, "message": "tests/test_debt_registration_controls.py:1232: test_without_assert: test_delta_forum_thermal_telemetry_coverage_01() has no assert/with/assert-call/fail oracle", "severity": "FAIL", "would_block": true}
  {"detector_id": "test_without_assert", "file_path": "tests/test_debt_registration_controls.py", "line": 1236, "message": "tests/test_debt_registration_controls.py:1236: test_without_assert: test_delta_forum_usb_raid_link_admission_01() has no assert/with/assert-call/fail oracle", "severity": "FAIL", "would_block": true}
  {"detector_id": "test_without_assert", "file_path": "tests/test_debt_registration_controls.py", "line": 1240, "message": "tests/test_debt_registration_controls.py:1240: test_without_assert: test_delta_root_backup_mount_boot_identity_01() has no assert/with/assert-call/fail oracle", "severity": "FAIL", "would_block": true}
  {"detector_id": "test_without_assert", "file_path": "tests/test_debt_registration_controls.py", "line": 1244, "message": "tests/test_debt_registration_controls.py:1244: test_without_assert: test_delta_root_display_carveout_oem_fix_gate_01() has no assert/with/assert-call/fail oracle", "severity": "FAIL", "would_block": true}
  {"detector_id": "test_without_assert", "file_path": "tests/test_debt_registration_controls.py", "line": 1248, "message": "tests/test_debt_registration_controls.py:1248: test_without_assert: test_delta_root_gx10_soc_ec_cable_recovery_candidate_01() has no assert/with/assert-call/fail oracle", "severity": "FAIL", "would_block": true}
  {"detector_id": "test_without_assert", "file_path": "tests/test_debt_registration_controls.py", "line": 1252, "message": "tests/test_debt_registration_controls.py:1252: test_without_assert: test_delta_root_subambient_cooling_and_uma_canary_01() has no assert/with/assert-call/fail oracle", "severity": "FAIL", "would_block": true}
  {"detector_id": "test_without_assert", "file_path": "tests/test_debt_registration_controls.py", "line": 1266, "message": "tests/test_debt_registration_controls.py:1266: test_without_assert: test_delta_forum_cutlass_sm121_isa_gate_01() has no assert/with/assert-call/fail oracle", "severity": "FAIL", "would_block": true}
  {"detector_id": "test_without_assert", "file_path": "tests/test_debt_registration_controls.py", "line": 1270, "message": "tests/test_debt_registration_controls.py:1270: test_without_assert: test_delta_forum_cx7_fw_update_guard_01() has no assert/with/assert-call/fail oracle", "severity": "FAIL", "would_block": true}
  {"detector_id": "test_without_assert", "file_path": "tests/test_debt_registration_controls.py", "line": 1274, "message": "tests/test_debt_registration_controls.py:1274: test_without_assert: test_delta_forum_cx7_physical_topology_alias_check_01() has no assert/with/assert-call/fail oracle", "severity": "FAIL", "would_block": true}
  {"detector_id": "test_without_assert", "file_path": "tests/test_debt_registration_controls.py", "line": 1278, "message": "tests/test_debt_registration_controls.py:1278: test_without_assert: test_delta_forum_cx7_posthotplug_01() has no assert/with/assert-call/fail oracle", "severity": "FAIL", "would_block": true}
  {"detector_id": "test_without_assert", "file_path": "tests/test_debt_registration_controls.py", "line": 1282, "message": "tests/test_debt_registration_controls.py:1282: test_without_assert: test_delta_forum_cx7_rdma_asymmetry_retest_01() has no assert/with/assert-call/fail oracle", "severity": "FAIL", "would_block": true}
  {"detector_id": "test_without_assert", "file_path": "tests/test_debt_registration_controls.py", "line": 1286, "message": "tests/test_debt_registration_controls.py:1286: test_without_assert: test_delta_forum_dualspark_power_reset_recovery_01() has no assert/with/assert-call/fail oracle", "severity": "FAIL", "would_block": true}
  {"detector_id": "test_without_assert", "file_path": "tests/test_debt_registration_controls.py", "line": 1290, "message": "tests/test_debt_registration_controls.py:1290: test_without_assert: test_delta_forum_kv_quant_metric_provenance_gate_01() has no assert/with/assert-call/fail oracle", "severity": "FAIL", "would_block": true}
  {"detector_id": "test_without_assert", "file_path": "tests/test_debt_registration_controls.py", "line": 1294, "message": "tests/test_debt_registration_controls.py:1294: test_without_assert: test_delta_forum_memory_recovery_soak_01() has no assert/with/assert-call/fail oracle", "severity": "FAIL", "would_block": true}
  {"detector_id": "test_without_assert", "file_path": "tests/test_debt_registration_controls.py", "line": 1298, "message": "tests/test_debt_registration_controls.py:1298: test_without_assert: test_delta_forum_ota_driver_kernel_effective_tuple_01() has no assert/with/assert-call/fail oracle", "severity": "FAIL", "would_block": true}
  {"detector_id": "test_without_assert", "file_path": "tests/test_debt_registration_controls.py", "line": 1302, "message": "tests/test_debt_registration_controls.py:1302: test_without_assert: test_delta_forum_recovery_apt_update_01() has no assert/with/assert-call/fail oracle", "severity": "FAIL", "would_block": true}
  {"detector_id": "test_without_assert", "file_path": "tests/test_debt_registration_controls.py", "line": 1315, "message": "tests/test_debt_registration_controls.py:1315: test_without_assert: test_delta_forum_3node_nccl_image_and_first_request_01() has no assert/with/assert-call/fail oracle", "severity": "FAIL", "would_block": true}
  {"detector_id": "test_without_assert", "file_path": "tests/test_debt_registration_controls.py", "line": 1319, "message": "tests/test_debt_registration_controls.py:1319: test_without_assert: test_delta_forum_8node_nccl_interface_mtu_01() has no assert/with/assert-call/fail oracle", "severity": "FAIL", "would_block": true}
  {"detector_id": "test_without_assert", "file_path": "tests/test_debt_registration_controls.py", "line": 1323, "message": "tests/test_debt_registration_controls.py:1323: test_without_assert: test_delta_forum_cross_turn_sleeper_injection_regression_01() has no assert/with/assert-call/fail oracle", "severity": "FAIL", "would_block": true}
BLOCKED [zero-debt] - policy is zero debt, with no grandfathering.
[zero-debt] FAIL: 9 violation(es); primera tests/test_apt_sources.py:456 (unencoded_file_io)
