FFFFFFF                                                                  [100%]
=================================== FAILURES ===================================
_________ test_delta_forum_thermal_auxiliary_cooling_and_clock_cap_01 __________
tests/test_debt_registration_controls.py:1227: in test_delta_forum_thermal_auxiliary_cooling_and_clock_cap_01
    _require_hardware_batch03_closure('DELTA-FORUM-THERMAL-AUXILIARY-COOLING-AND-CLOCK-CAP-01')
tests/test_debt_registration_controls.py:1223: in _require_hardware_batch03_closure
    _require_pass(card_id, result)
tests/test_closure_kernel_selectors.py:21: in _require_pass
    assert result.get("status") == "pass" and result.get("could_not_run_count") == 0, (
E   AssertionError: DELTA-FORUM-THERMAL-AUXILIARY-COOLING-AND-CLOCK-CAP-01 closure remains open: {'status': 'unknown', 'findings': ["raw card capture unavailable: FileNotFoundError: [Errno 2] No such file or directory: '/home/lcasarin/projects/blackbox/tasks/evidence/DELTA-FORUM-THERMAL-AUXILIARY-COOLING-AND-CLOCK-CAP-01'"], 'could_not_run': 1, 'could_not_run_count': 1, 'fail': 0, 'provenance': 'caller-supplied; hashes establish consistency, not authenticity'}
E   assert ('unknown' == 'pass'
E     
E     - pass
E     + unknown)
----------------------------- Captured stdout call -----------------------------
{"could_not_run": 1, "could_not_run_count": 1, "fail": 0, "findings": ["raw card capture unavailable: FileNotFoundError: [Errno 2] No such file or directory: '/home/lcasarin/projects/blackbox/tasks/evidence/DELTA-FORUM-THERMAL-AUXILIARY-COOLING-AND-CLOCK-CAP-01'"], "provenance": "caller-supplied; hashes establish consistency, not authenticity", "status": "unknown"}
________________ test_delta_forum_thermal_telemetry_coverage_01 ________________
tests/test_debt_registration_controls.py:1231: in test_delta_forum_thermal_telemetry_coverage_01
    _require_hardware_batch03_closure('DELTA-FORUM-THERMAL-TELEMETRY-COVERAGE-01')
tests/test_debt_registration_controls.py:1223: in _require_hardware_batch03_closure
    _require_pass(card_id, result)
tests/test_closure_kernel_selectors.py:21: in _require_pass
    assert result.get("status") == "pass" and result.get("could_not_run_count") == 0, (
E   AssertionError: DELTA-FORUM-THERMAL-TELEMETRY-COVERAGE-01 closure remains open: {'status': 'unknown', 'findings': ["raw card capture unavailable: FileNotFoundError: [Errno 2] No such file or directory: '/home/lcasarin/projects/blackbox/tasks/evidence/DELTA-FORUM-THERMAL-TELEMETRY-COVERAGE-01/capture.json'"], 'could_not_run': 1, 'could_not_run_count': 1, 'fail': 0, 'provenance': 'caller-supplied; hashes establish consistency, not authenticity'}
E   assert ('unknown' == 'pass'
E     
E     - pass
E     + unknown)
----------------------------- Captured stdout call -----------------------------
{"could_not_run": 1, "could_not_run_count": 1, "fail": 0, "findings": ["raw card capture unavailable: FileNotFoundError: [Errno 2] No such file or directory: '/home/lcasarin/projects/blackbox/tasks/evidence/DELTA-FORUM-THERMAL-TELEMETRY-COVERAGE-01/capture.json'"], "provenance": "caller-supplied; hashes establish consistency, not authenticity", "status": "unknown"}
_________________ test_delta_forum_usb_raid_link_admission_01 __________________
tests/test_debt_registration_controls.py:1235: in test_delta_forum_usb_raid_link_admission_01
    _require_hardware_batch03_closure('DELTA-FORUM-USB-RAID-LINK-ADMISSION-01')
tests/test_debt_registration_controls.py:1223: in _require_hardware_batch03_closure
    _require_pass(card_id, result)
tests/test_closure_kernel_selectors.py:21: in _require_pass
    assert result.get("status") == "pass" and result.get("could_not_run_count") == 0, (
E   AssertionError: DELTA-FORUM-USB-RAID-LINK-ADMISSION-01 closure remains open: {'status': 'unknown', 'findings': ["raw card capture unavailable: FileNotFoundError: [Errno 2] No such file or directory: '/home/lcasarin/projects/blackbox/tasks/evidence/DELTA-FORUM-USB-RAID-LINK-ADMISSION-01'"], 'could_not_run': 1, 'could_not_run_count': 1, 'fail': 0, 'provenance': 'caller-supplied; hashes establish consistency, not authenticity'}
E   assert ('unknown' == 'pass'
E     
E     - pass
E     + unknown)
----------------------------- Captured stdout call -----------------------------
{"could_not_run": 1, "could_not_run_count": 1, "fail": 0, "findings": ["raw card capture unavailable: FileNotFoundError: [Errno 2] No such file or directory: '/home/lcasarin/projects/blackbox/tasks/evidence/DELTA-FORUM-USB-RAID-LINK-ADMISSION-01'"], "provenance": "caller-supplied; hashes establish consistency, not authenticity", "status": "unknown"}
________________ test_delta_root_backup_mount_boot_identity_01 _________________
tests/test_debt_registration_controls.py:1239: in test_delta_root_backup_mount_boot_identity_01
    _require_hardware_batch03_closure('DELTA-ROOT-BACKUP-MOUNT-BOOT-IDENTITY-01')
tests/test_debt_registration_controls.py:1223: in _require_hardware_batch03_closure
    _require_pass(card_id, result)
tests/test_closure_kernel_selectors.py:21: in _require_pass
    assert result.get("status") == "pass" and result.get("could_not_run_count") == 0, (
E   AssertionError: DELTA-ROOT-BACKUP-MOUNT-BOOT-IDENTITY-01 closure remains open: {'status': 'unknown', 'findings': ["raw card capture unavailable: FileNotFoundError: [Errno 2] No such file or directory: '/home/lcasarin/projects/blackbox/tasks/evidence/DELTA-ROOT-BACKUP-MOUNT-BOOT-IDENTITY-01'"], 'could_not_run': 1, 'could_not_run_count': 1, 'fail': 0, 'provenance': 'caller-supplied; hashes establish consistency, not authenticity'}
E   assert ('unknown' == 'pass'
E     
E     - pass
E     + unknown)
----------------------------- Captured stdout call -----------------------------
{"could_not_run": 1, "could_not_run_count": 1, "fail": 0, "findings": ["raw card capture unavailable: FileNotFoundError: [Errno 2] No such file or directory: '/home/lcasarin/projects/blackbox/tasks/evidence/DELTA-ROOT-BACKUP-MOUNT-BOOT-IDENTITY-01'"], "provenance": "caller-supplied; hashes establish consistency, not authenticity", "status": "unknown"}
_______________ test_delta_root_display_carveout_oem_fix_gate_01 _______________
tests/test_debt_registration_controls.py:1243: in test_delta_root_display_carveout_oem_fix_gate_01
    _require_hardware_batch03_closure('DELTA-ROOT-DISPLAY-CARVEOUT-OEM-FIX-GATE-01')
tests/test_debt_registration_controls.py:1223: in _require_hardware_batch03_closure
    _require_pass(card_id, result)
tests/test_closure_kernel_selectors.py:21: in _require_pass
    assert result.get("status") == "pass" and result.get("could_not_run_count") == 0, (
E   AssertionError: DELTA-ROOT-DISPLAY-CARVEOUT-OEM-FIX-GATE-01 closure remains open: {'status': 'unknown', 'findings': ["raw card capture unavailable: FileNotFoundError: [Errno 2] No such file or directory: '/home/lcasarin/projects/blackbox/tasks/evidence/DELTA-ROOT-DISPLAY-CARVEOUT-OEM-FIX-GATE-01'"], 'could_not_run': 1, 'could_not_run_count': 1, 'fail': 0, 'provenance': 'caller-supplied; hashes establish consistency, not authenticity'}
E   assert ('unknown' == 'pass'
E     
E     - pass
E     + unknown)
----------------------------- Captured stdout call -----------------------------
{"could_not_run": 1, "could_not_run_count": 1, "fail": 0, "findings": ["raw card capture unavailable: FileNotFoundError: [Errno 2] No such file or directory: '/home/lcasarin/projects/blackbox/tasks/evidence/DELTA-ROOT-DISPLAY-CARVEOUT-OEM-FIX-GATE-01'"], "provenance": "caller-supplied; hashes establish consistency, not authenticity", "status": "unknown"}
___________ test_delta_root_gx10_soc_ec_cable_recovery_candidate_01 ____________
tests/test_debt_registration_controls.py:1247: in test_delta_root_gx10_soc_ec_cable_recovery_candidate_01
    _require_hardware_batch03_closure('DELTA-ROOT-GX10-SOC-EC-CABLE-RECOVERY-CANDIDATE-01')
tests/test_debt_registration_controls.py:1223: in _require_hardware_batch03_closure
    _require_pass(card_id, result)
tests/test_closure_kernel_selectors.py:21: in _require_pass
    assert result.get("status") == "pass" and result.get("could_not_run_count") == 0, (
E   AssertionError: DELTA-ROOT-GX10-SOC-EC-CABLE-RECOVERY-CANDIDATE-01 closure remains open: {'status': 'unknown', 'findings': ["raw card capture unavailable: FileNotFoundError: [Errno 2] No such file or directory: '/home/lcasarin/projects/blackbox/tasks/evidence/DELTA-ROOT-GX10-SOC-EC-CABLE-RECOVERY-CANDIDATE-01'"], 'could_not_run': 1, 'could_not_run_count': 1, 'fail': 0, 'provenance': 'caller-supplied; hashes establish consistency, not authenticity'}
E   assert ('unknown' == 'pass'
E     
E     - pass
E     + unknown)
----------------------------- Captured stdout call -----------------------------
{"could_not_run": 1, "could_not_run_count": 1, "fail": 0, "findings": ["raw card capture unavailable: FileNotFoundError: [Errno 2] No such file or directory: '/home/lcasarin/projects/blackbox/tasks/evidence/DELTA-ROOT-GX10-SOC-EC-CABLE-RECOVERY-CANDIDATE-01'"], "provenance": "caller-supplied; hashes establish consistency, not authenticity", "status": "unknown"}
_____________ test_delta_root_subambient_cooling_and_uma_canary_01 _____________
tests/test_debt_registration_controls.py:1251: in test_delta_root_subambient_cooling_and_uma_canary_01
    _require_hardware_batch03_closure('DELTA-ROOT-SUBAMBIENT-COOLING-AND-UMA-CANARY-01')
tests/test_debt_registration_controls.py:1223: in _require_hardware_batch03_closure
    _require_pass(card_id, result)
tests/test_closure_kernel_selectors.py:21: in _require_pass
    assert result.get("status") == "pass" and result.get("could_not_run_count") == 0, (
E   AssertionError: DELTA-ROOT-SUBAMBIENT-COOLING-AND-UMA-CANARY-01 closure remains open: {'status': 'unknown', 'findings': ["raw card capture unavailable: FileNotFoundError: [Errno 2] No such file or directory: '/home/lcasarin/projects/blackbox/tasks/evidence/DELTA-ROOT-SUBAMBIENT-COOLING-AND-UMA-CANARY-01'"], 'could_not_run': 1, 'could_not_run_count': 1, 'fail': 0, 'provenance': 'caller-supplied; hashes establish consistency, not authenticity'}
E   assert ('unknown' == 'pass'
E     
E     - pass
E     + unknown)
----------------------------- Captured stdout call -----------------------------
{"could_not_run": 1, "could_not_run_count": 1, "fail": 0, "findings": ["raw card capture unavailable: FileNotFoundError: [Errno 2] No such file or directory: '/home/lcasarin/projects/blackbox/tasks/evidence/DELTA-ROOT-SUBAMBIENT-COOLING-AND-UMA-CANARY-01'"], "provenance": "caller-supplied; hashes establish consistency, not authenticity", "status": "unknown"}
=========================== short test summary info ============================
FAILED tests/test_debt_registration_controls.py::test_delta_forum_thermal_auxiliary_cooling_and_clock_cap_01
FAILED tests/test_debt_registration_controls.py::test_delta_forum_thermal_telemetry_coverage_01
FAILED tests/test_debt_registration_controls.py::test_delta_forum_usb_raid_link_admission_01
FAILED tests/test_debt_registration_controls.py::test_delta_root_backup_mount_boot_identity_01
FAILED tests/test_debt_registration_controls.py::test_delta_root_display_carveout_oem_fix_gate_01
FAILED tests/test_debt_registration_controls.py::test_delta_root_gx10_soc_ec_cable_recovery_candidate_01
FAILED tests/test_debt_registration_controls.py::test_delta_root_subambient_cooling_and_uma_canary_01
7 failed in 0.27s
